node.exe : Warning: Custom Cache-Control headers detected for the following routes:
At line:1 char:1
+ & "C:\Program Files\nodejs/node.exe" "C:\Program Files\nodejs/node_mo ...
+ ~~~~~~~~~~~~~~~~~~~~~~~~~~~~~~~~~~~~~~~~~~~~~~~~~~~~~~~~~~~~~~~~~~~~~
    + CategoryInfo          : NotSpecified: (Warning: Custom...llowing routes::String) [], RemoteException
    + FullyQualifiedErrorId : NativeCommandError
 
  - /_next/static/:path*

Setting a custom Cache-Control header can break Next.js development behavior.
Γû▓ Next.js 16.2.4 (Turbopack)
- Experiments (use with caution):
  ┬╖ optimizePackageImports


> Build error occurred
Error: Ambiguous app routes detected:

Ambiguous route pattern "/weather-terms/[*]" matches multiple routes:
  - /weather-terms/[category]
  - /weather-terms/[slug]

Ambiguous route pattern "/wind-chill-chart/[*]" matches multiple routes:
  - /wind-chill-chart/[location]
  - /wind-chill-chart/[state]

These routes cannot be distinguished from each other when matching URLs. Please ensure that dynamic segments have unique patterns or use different static segments.
    at ignore-listed frames
